18:07:00 **** Incremental Build of configuration Debug for project STM32_CAN_Bus ****
make -j3 all 
arm-none-eabi-gcc "../Core/Src/main.c" -mcpu=cortex-m4 -std=gnu11 -g3 -DDEBUG -DUSE_HAL_DRIVER -DSTM32F446xx -c -I../Core/Inc -I../Drivers/STM32F4xx_HAL_Driver/Inc -I../Drivers/STM32F4xx_HAL_Driver/Inc/Legacy -I../Drivers/CMSIS/Device/ST/STM32F4xx/Include -I../Drivers/CMSIS/Include -O0 -ffunction-sections -fdata-sections -Wall -fstack-usage -MMD -MP -MF"Core/Src/main.d" -MT"Core/Src/main.o" --specs=nano.specs -mfpu=fpv4-sp-d16 -mfloat-abi=hard -mthumb -o "Core/Src/main.o"
arm-none-eabi-gcc -o "STM32_CAN_Bus.elf" @"objects.list"   -mcpu=cortex-m4 -T"/Users/nsisong/Documents/STM32_CAN_Bus/STM32_CAN_Bus/STM32F446RETX_FLASH.ld" --specs=nosys.specs -Wl,-Map="STM32_CAN_Bus.map" -Wl,--gc-sections -static --specs=nano.specs -mfpu=fpv4-sp-d16 -mfloat-abi=hard -mthumb -Wl,--start-group -lc -lm -Wl,--end-group
Finished building target: STM32_CAN_Bus.elf
 
arm-none-eabi-size   STM32_CAN_Bus.elf 
arm-none-eabi-objdump -h -S  STM32_CAN_Bus.elf  > "STM32_CAN_Bus.list"
   text	   data	    bss	    dec	    hex	filename
   9528	     20	   1644	  11192	   2bb8	STM32_CAN_Bus.elf
Finished building: default.size.stdout
 
Finished building: STM32_CAN_Bus.list
 

18:07:02 Build Finished. 0 errors, 0 warnings. (took 2s.13ms)

